"{\n  \"who\": \"first\",\n  \"what\": \"second\"\n}"