"<!DOCTYPE html>\n<html lang=\"en\">\n<head>\n  <meta charset=\"UTF-8\">\n  <title></title>\n</head>\n<body>\n  <h1>rspec-snapshot</h1>\n  <p>\n    Snapshot is awesome!\n  </p>\n</body>\n</html>\n"