{
  :a_key => [
    [0] "some",
    [1] "values"
  ]
}