{
  "a": 1,
  "b": [2, 3],
  "c": {
    "ca": 4
  },
  "d": "5"
}