<!DOCTYPE html>
<html xmlns="http://www.w3.org/1999/xhtml" lang="en" xml:lang="en">
  <head>
    <meta http-equiv="Content-Type" content="text/html; charset=UTF-8" />
    <meta charset="UTF-8" />
    <title></title>
  </head>
  <body>
    <h1>rspec-snapshot</h1>
    <p>Snapshot is awesome!</p>
  </body>
</html>
